04:58:33 **** Build of project ublaze_axiRNA443_bsp ****
make -k all 
"Running Make include in microblaze_0/libsrc/axi4_RNA443_v1_0/src"
make -C microblaze_0/libsrc/axi4_RNA443_v1_0/src -s include  "SHELL=CMD" "COMPILER=mb-gcc" "ARCHIVER=mb-ar" "COMPILER_FLAGS= -O2 -c -mcpu=v9.6 -mlittle-endian -mno-xl-soft-mul -mxl-barrel-shift -mxl-pattern-compare" "EXTRA_COMPILER_FLAGS=-g"
"Running Make include in microblaze_0/libsrc/bram_v4_1/src"
make -C microblaze_0/libsrc/bram_v4_1/src -s include  "SHELL=CMD" "COMPILER=mb-gcc" "ARCHIVER=mb-ar" "COMPILER_FLAGS= -O2 -c -mcpu=v9.6 -mlittle-endian -mno-xl-soft-mul -mxl-barrel-shift -mxl-pattern-compare" "EXTRA_COMPILER_FLAGS=-g"
"Running Make include in microblaze_0/libsrc/cpu_v2_5/src"
make -C microblaze_0/libsrc/cpu_v2_5/src -s include  "SHELL=CMD" "COMPILER=mb-gcc" "ARCHIVER=mb-ar" "COMPILER_FLAGS= -O2 -c -mcpu=v9.6 -mlittle-endian -mno-xl-soft-mul -mxl-barrel-shift -mxl-pattern-compare" "EXTRA_COMPILER_FLAGS=-g"
"Running Make include in microblaze_0/libsrc/gpio_v4_1/src"
make -C microblaze_0/libsrc/gpio_v4_1/src -s include  "SHELL=CMD" "COMPILER=mb-gcc" "ARCHIVER=mb-ar" "COMPILER_FLAGS= -O2 -c -mcpu=v9.6 -mlittle-endian -mno-xl-soft-mul -mxl-barrel-shift -mxl-pattern-compare" "EXTRA_COMPILER_FLAGS=-g"
"Running Make include in microblaze_0/libsrc/standalone_v5_5/src"
make -C microblaze_0/libsrc/standalone_v5_5/src -s include  "SHELL=CMD" "COMPILER=mb-gcc" "ARCHIVER=mb-ar" "COMPILER_FLAGS= -O2 -c -mcpu=v9.6 -mlittle-endian -mno-xl-soft-mul -mxl-barrel-shift -mxl-pattern-compare" "EXTRA_COMPILER_FLAGS=-g"
"Running Make include in microblaze_0/libsrc/tmrctr_v4_1/src"
make -C microblaze_0/libsrc/tmrctr_v4_1/src -s include  "SHELL=CMD" "COMPILER=mb-gcc" "ARCHIVER=mb-ar" "COMPILER_FLAGS= -O2 -c -mcpu=v9.6 -mlittle-endian -mno-xl-soft-mul -mxl-barrel-shift -mxl-pattern-compare" "EXTRA_COMPILER_FLAGS=-g"
"Running Make include in microblaze_0/libsrc/uartlite_v3_2/src"
make -C microblaze_0/libsrc/uartlite_v3_2/src -s include  "SHELL=CMD" "COMPILER=mb-gcc" "ARCHIVER=mb-ar" "COMPILER_FLAGS= -O2 -c -mcpu=v9.6 -mlittle-endian -mno-xl-soft-mul -mxl-barrel-shift -mxl-pattern-compare" "EXTRA_COMPILER_FLAGS=-g"
"Running Make libs in microblaze_0/libsrc/axi4_RNA443_v1_0/src"
make -C microblaze_0/libsrc/axi4_RNA443_v1_0/src -s libs  "SHELL=CMD" "COMPILER=mb-gcc" "ARCHIVER=mb-ar" "COMPILER_FLAGS= -O2 -c -mcpu=v9.6 -mlittle-endian -mno-xl-soft-mul -mxl-barrel-shift -mxl-pattern-compare" "EXTRA_COMPILER_FLAGS=-g"
"Compiling axi4_RNA443..."
mb-ar: creating ../../../lib/libxil.a
"Running Make libs in microblaze_0/libsrc/bram_v4_1/src"
make -C microblaze_0/libsrc/bram_v4_1/src -s libs  "SHELL=CMD" "COMPILER=mb-gcc" "ARCHIVER=mb-ar" "COMPILER_FLAGS= -O2 -c -mcpu=v9.6 -mlittle-endian -mno-xl-soft-mul -mxl-barrel-shift -mxl-pattern-compare" "EXTRA_COMPILER_FLAGS=-g"
"Compiling bram"
"Running Make libs in microblaze_0/libsrc/cpu_v2_5/src"
make -C microblaze_0/libsrc/cpu_v2_5/src -s libs  "SHELL=CMD" "COMPILER=mb-gcc" "ARCHIVER=mb-ar" "COMPILER_FLAGS= -O2 -c -mcpu=v9.6 -mlittle-endian -mno-xl-soft-mul -mxl-barrel-shift -mxl-pattern-compare" "EXTRA_COMPILER_FLAGS=-g"
"Compiling cpu"
"Running Make libs in microblaze_0/libsrc/gpio_v4_1/src"
make -C microblaze_0/libsrc/gpio_v4_1/src -s libs  "SHELL=CMD" "COMPILER=mb-gcc" "ARCHIVER=mb-ar" "COMPILER_FLAGS= -O2 -c -mcpu=v9.6 -mlittle-endian -mno-xl-soft-mul -mxl-barrel-shift -mxl-pattern-compare" "EXTRA_COMPILER_FLAGS=-g"
"Compiling gpio"
"Running Make libs in microblaze_0/libsrc/standalone_v5_5/src"
make -C microblaze_0/libsrc/standalone_v5_5/src -s libs  "SHELL=CMD" "COMPILER=mb-gcc" "ARCHIVER=mb-ar" "COMPILER_FLAGS= -O2 -c -mcpu=v9.6 -mlittle-endian -mno-xl-soft-mul -mxl-barrel-shift -mxl-pattern-compare" "EXTRA_COMPILER_FLAGS=-g"
"Compiling standalone";
"Running Make libs in microblaze_0/libsrc/tmrctr_v4_1/src"
make -C microblaze_0/libsrc/tmrctr_v4_1/src -s libs  "SHELL=CMD" "COMPILER=mb-gcc" "ARCHIVER=mb-ar" "COMPILER_FLAGS= -O2 -c -mcpu=v9.6 -mlittle-endian -mno-xl-soft-mul -mxl-barrel-shift -mxl-pattern-compare" "EXTRA_COMPILER_FLAGS=-g"
"Compiling tmrctr"
"Running Make libs in microblaze_0/libsrc/uartlite_v3_2/src"
make -C microblaze_0/libsrc/uartlite_v3_2/src -s libs  "SHELL=CMD" "COMPILER=mb-gcc" "ARCHIVER=mb-ar" "COMPILER_FLAGS= -O2 -c -mcpu=v9.6 -mlittle-endian -mno-xl-soft-mul -mxl-barrel-shift -mxl-pattern-compare" "EXTRA_COMPILER_FLAGS=-g"
"Compiling uartlite"
'Finished building libraries'
04:59:06 **** Build of configuration Debug for project ublaze_axiRNA443 ****
make all 
'Building file: ../src/main.c'
'Invoking: MicroBlaze gcc compiler'
mb-gcc -Wall -O0 -g3 -c -fmessage-length=0 -MT"src/main.o" -I../../ublaze_axiRNA443_bsp/microblaze_0/include -mlittle-endian -mxl-barrel-shift -mxl-pattern-compare -mcpu=v9.6 -mno-xl-soft-mul -Wl,--no-relax -MMD -MP -MF"src/main.d" -MT"src/main.o" -o "src/main.o" "../src/main.c"
'Finished building: ../src/main.c'
' '
'Building target: ublaze_axiRNA443.elf'
'Invoking: MicroBlaze gcc linker'
mb-gcc -Wl,-T -Wl,../src/lscript.ld -L../../ublaze_axiRNA443_bsp/microblaze_0/lib -mlittle-endian -mxl-barrel-shift -mxl-pattern-compare -mcpu=v9.6 -mno-xl-soft-mul -Wl,--no-relax -o "ublaze_axiRNA443.elf"  ./src/main.o   -Wl,--start-group,-lxil,-lgcc,-lc,--end-group
c:/xilinx/sdk/2016.2/gnu/microblaze/nt/bin/../lib/gcc/microblaze-xilinx-elf/5.2.0/../../../../microblaze-xilinx-elf/lib/bs/m/le/crtinit.o: In function `_crtinit':
(.text+0x78): undefined reference to `main'
collect2.exe: error: ld returned 1 exit status
make: *** [ublaze_axiRNA443.elf] Error 1
04:59:47 **** Auto Build of configuration Debug for project ublaze_axiRNA443 ****
make all 
'Building file: ../src/main.c'
'Invoking: MicroBlaze gcc compiler'
mb-gcc -Wall -O0 -g3 -c -fmessage-length=0 -MT"src/main.o" -I../../ublaze_axiRNA443_bsp/microblaze_0/include -mlittle-endian -mxl-barrel-shift -mxl-pattern-compare -mcpu=v9.6 -mno-xl-soft-mul -Wl,--no-relax -MMD -MP -MF"src/main.d" -MT"src/main.o" -o "src/main.o" "../src/main.c"
In file included from ../src/main.c:13:0:
../../ublaze_axiRNA443_bsp/microblaze_0/include/xbasic_types.h:115:2: warning: #warning The xbasics_type.h file is deprecated and users should use xil_types.h and xil_assert. [-Wcpp]
 #warning  The xbasics_type.h file is deprecated and users should use xil_types.h and xil_assert.
  ^
../../ublaze_axiRNA443_bsp/microblaze_0/include/xbasic_types.h:116:2: warning: #warning Please refer the Standalone BSP UG647 for further details [-Wcpp]
 #warning  Please refer the Standalone BSP UG647 for further details
  ^
'Finished building: ../src/main.c'
' '
'Building target: ublaze_axiRNA443.elf'
'Invoking: MicroBlaze gcc linker'
mb-gcc -Wl,-T -Wl,../src/lscript.ld -L../../ublaze_axiRNA443_bsp/microblaze_0/lib -mlittle-endian -mxl-barrel-shift -mxl-pattern-compare -mcpu=v9.6 -mno-xl-soft-mul -Wl,--no-relax -o "ublaze_axiRNA443.elf"  ./src/main.o   -Wl,--start-group,-lxil,-lgcc,-lc,--end-group
c:/xilinx/sdk/2016.2/gnu/microblaze/nt/bin/../lib/gcc/microblaze-xilinx-elf/5.2.0/../../../../microblaze-xilinx-elf/lib/bs/m/le/crtinit.o: In function `_crtinit':
(.text+0x78): undefined reference to `main'
collect2.exe: error: ld returned 1 exit status
make: *** [ublaze_axiRNA443.elf] Error 1
05:03:47 **** Auto Build of configuration Debug for project ublaze_axiRNA443 ****
make all 
'Building file: ../src/main.c'
'Invoking: MicroBlaze gcc compiler'
mb-gcc -Wall -O0 -g3 -c -fmessage-length=0 -MT"src/main.o" -I../../ublaze_axiRNA443_bsp/microblaze_0/include -mlittle-endian -mxl-barrel-shift -mxl-pattern-compare -mcpu=v9.6 -mno-xl-soft-mul -Wl,--no-relax -MMD -MP -MF"src/main.d" -MT"src/main.o" -o "src/main.o" "../src/main.c"
In file included from ../src/main.c:13:0:
../../ublaze_axiRNA443_bsp/microblaze_0/include/xbasic_types.h:115:2: warning: #warning The xbasics_type.h file is deprecated and users should use xil_types.h and xil_assert. [-Wcpp]
 #warning  The xbasics_type.h file is deprecated and users should use xil_types.h and xil_assert.
  ^
../../ublaze_axiRNA443_bsp/microblaze_0/include/xbasic_types.h:116:2: warning: #warning Please refer the Standalone BSP UG647 for further details [-Wcpp]
 #warning  Please refer the Standalone BSP UG647 for further details
  ^
../src/main.c: In function 'main':
../src/main.c:36:13: warning: implicit declaration of function 'IPAXIFPMUL_mWriteReg' [-Wimplicit-function-declaration]
     unT.u32=IPAXIFPMUL_mWriteReg(XPAR_AXI4_RNA443_0_S00_AXI_BASEADDR, 16, unT.u32);
             ^
../src/main.c:38:2: error: 'res' undeclared (first use in this function)
  res = unT.f32;
  ^
../src/main.c:38:2: note: each undeclared identifier is reported only once for each function it appears in
../src/main.c:27:11: warning: unused variable 'out_neuron3' [-Wunused-variable]
     float out_neuron3 = 0.0;
           ^
../src/main.c:26:11: warning: unused variable 'out_neuron2' [-Wunused-variable]
     float out_neuron2 = 0.0;
           ^
../src/main.c:25:11: warning: unused variable 'out_neuron1' [-Wunused-variable]
     float out_neuron1 = 0.0;
           ^
make: *** [src/main.o] Error 1
05:04:34 **** Auto Build of configuration Debug for project ublaze_axiRNA443 ****
make all 
'Building file: ../src/main.c'
'Invoking: MicroBlaze gcc compiler'
mb-gcc -Wall -O0 -g3 -c -fmessage-length=0 -MT"src/main.o" -I../../ublaze_axiRNA443_bsp/microblaze_0/include -mlittle-endian -mxl-barrel-shift -mxl-pattern-compare -mcpu=v9.6 -mno-xl-soft-mul -Wl,--no-relax -MMD -MP -MF"src/main.d" -MT"src/main.o" -o "src/main.o" "../src/main.c"
In file included from ../src/main.c:13:0:
../../ublaze_axiRNA443_bsp/microblaze_0/include/xbasic_types.h:115:2: warning: #warning The xbasics_type.h file is deprecated and users should use xil_types.h and xil_assert. [-Wcpp]
 #warning  The xbasics_type.h file is deprecated and users should use xil_types.h and xil_assert.
  ^
../../ublaze_axiRNA443_bsp/microblaze_0/include/xbasic_types.h:116:2: warning: #warning Please refer the Standalone BSP UG647 for further details [-Wcpp]
 #warning  Please refer the Standalone BSP UG647 for further details
  ^
../src/main.c: In function 'main':
../src/main.c:36:13: warning: implicit declaration of function 'IPAXIFPMUL_mWriteReg' [-Wimplicit-function-declaration]
     unT.u32=IPAXIFPMUL_mWriteReg(XPAR_AXI4_RNA443_0_S00_AXI_BASEADDR, 16, unT.u32);
             ^
../src/main.c:45:13: error: 'res' undeclared (first use in this function)
     Whole = res;
             ^
../src/main.c:45:13: note: each undeclared identifier is reported only once for each function it appears in
../src/main.c:27:11: warning: variable 'out_neuron3' set but not used [-Wunused-but-set-variable]
     float out_neuron3 = 0.0;
           ^
../src/main.c:26:11: warning: variable 'out_neuron2' set but not used [-Wunused-but-set-variable]
     float out_neuron2 = 0.0;
           ^
../src/main.c:25:11: warning: variable 'out_neuron1' set but not used [-Wunused-but-set-variable]
     float out_neuron1 = 0.0;
           ^
make: *** [src/main.o] Error 1
05:05:33 **** Auto Build of configuration Debug for project ublaze_axiRNA443 ****
make all 
'Building file: ../src/main.c'
'Invoking: MicroBlaze gcc compiler'
mb-gcc -Wall -O0 -g3 -c -fmessage-length=0 -MT"src/main.o" -I../../ublaze_axiRNA443_bsp/microblaze_0/include -mlittle-endian -mxl-barrel-shift -mxl-pattern-compare -mcpu=v9.6 -mno-xl-soft-mul -Wl,--no-relax -MMD -MP -MF"src/main.d" -MT"src/main.o" -o "src/main.o" "../src/main.c"
In file included from ../src/main.c:13:0:
../../ublaze_axiRNA443_bsp/microblaze_0/include/xbasic_types.h:115:2: warning: #warning The xbasics_type.h file is deprecated and users should use xil_types.h and xil_assert. [-Wcpp]
 #warning  The xbasics_type.h file is deprecated and users should use xil_types.h and xil_assert.
  ^
../../ublaze_axiRNA443_bsp/microblaze_0/include/xbasic_types.h:116:2: warning: #warning Please refer the Standalone BSP UG647 for further details [-Wcpp]
 #warning  Please refer the Standalone BSP UG647 for further details
  ^
../src/main.c: In function 'main':
../src/main.c:36:13: warning: implicit declaration of function 'IPAXIFPMUL_mWriteReg' [-Wimplicit-function-declaration]
     unT.u32=IPAXIFPMUL_mWriteReg(XPAR_AXI4_RNA443_0_S00_AXI_BASEADDR, 16, unT.u32);
             ^
../src/main.c:46:15: error: 'res' undeclared (first use in this function)
  Thousands = (res - Whole)*10000;
               ^
../src/main.c:46:15: note: each undeclared identifier is reported only once for each function it appears in
make: *** [src/main.o] Error 1
05:05:44 **** Auto Build of configuration Debug for project ublaze_axiRNA443 ****
make all 
'Building file: ../src/main.c'
'Invoking: MicroBlaze gcc compiler'
mb-gcc -Wall -O0 -g3 -c -fmessage-length=0 -MT"src/main.o" -I../../ublaze_axiRNA443_bsp/microblaze_0/include -mlittle-endian -mxl-barrel-shift -mxl-pattern-compare -mcpu=v9.6 -mno-xl-soft-mul -Wl,--no-relax -MMD -MP -MF"src/main.d" -MT"src/main.o" -o "src/main.o" "../src/main.c"
In file included from ../src/main.c:13:0:
../../ublaze_axiRNA443_bsp/microblaze_0/include/xbasic_types.h:115:2: warning: #warning The xbasics_type.h file is deprecated and users should use xil_types.h and xil_assert. [-Wcpp]
 #warning  The xbasics_type.h file is deprecated and users should use xil_types.h and xil_assert.
  ^
../../ublaze_axiRNA443_bsp/microblaze_0/include/xbasic_types.h:116:2: warning: #warning Please refer the Standalone BSP UG647 for further details [-Wcpp]
 #warning  Please refer the Standalone BSP UG647 for further details
  ^
../src/main.c: In function 'main':
../src/main.c:36:13: warning: implicit declaration of function 'IPAXIFPMUL_mWriteReg' [-Wimplicit-function-declaration]
     unT.u32=IPAXIFPMUL_mWriteReg(XPAR_AXI4_RNA443_0_S00_AXI_BASEADDR, 16, unT.u32);
             ^
'Finished building: ../src/main.c'
' '
'Building target: ublaze_axiRNA443.elf'
'Invoking: MicroBlaze gcc linker'
mb-gcc -Wl,-T -Wl,../src/lscript.ld -L../../ublaze_axiRNA443_bsp/microblaze_0/lib -mlittle-endian -mxl-barrel-shift -mxl-pattern-compare -mcpu=v9.6 -mno-xl-soft-mul -Wl,--no-relax -o "ublaze_axiRNA443.elf"  ./src/main.o   -Wl,--start-group,-lxil,-lgcc,-lc,--end-group
./src/main.o: In function `main':
C:\FPGAprojects\PCR2019\ublaze_axiRNA\ublaze_axiRNA.sdk\ublaze_axiRNA443\Debug/../src/main.c:36: undefined reference to `IPAXIFPMUL_mWriteReg'
C:\FPGAprojects\PCR2019\ublaze_axiRNA\ublaze_axiRNA.sdk\ublaze_axiRNA443\Debug/../src/main.c:39: undefined reference to `IPAXIFPMUL_mWriteReg'
C:\FPGAprojects\PCR2019\ublaze_axiRNA\ublaze_axiRNA.sdk\ublaze_axiRNA443\Debug/../src/main.c:42: undefined reference to `IPAXIFPMUL_mWriteReg'
collect2.exe: error: ld returned 1 exit status
make: *** [ublaze_axiRNA443.elf] Error 1
05:06:11 **** Auto Build of configuration Debug for project ublaze_axiRNA443 ****
make all 
'Building file: ../src/main.c'
'Invoking: MicroBlaze gcc compiler'
mb-gcc -Wall -O0 -g3 -c -fmessage-length=0 -MT"src/main.o" -I../../ublaze_axiRNA443_bsp/microblaze_0/include -mlittle-endian -mxl-barrel-shift -mxl-pattern-compare -mcpu=v9.6 -mno-xl-soft-mul -Wl,--no-relax -MMD -MP -MF"src/main.d" -MT"src/main.o" -o "src/main.o" "../src/main.c"
In file included from ../src/main.c:13:0:
../../ublaze_axiRNA443_bsp/microblaze_0/include/xbasic_types.h:115:2: warning: #warning The xbasics_type.h file is deprecated and users should use xil_types.h and xil_assert. [-Wcpp]
 #warning  The xbasics_type.h file is deprecated and users should use xil_types.h and xil_assert.
  ^
../../ublaze_axiRNA443_bsp/microblaze_0/include/xbasic_types.h:116:2: warning: #warning Please refer the Standalone BSP UG647 for further details [-Wcpp]
 #warning  Please refer the Standalone BSP UG647 for further details
  ^
../src/main.c: In function 'main':
../src/main.c:36:12: error: void value not ignored as it ought to be
     unT.u32=AXI4_RNA443_mWriteReg(XPAR_AXI4_RNA443_0_S00_AXI_BASEADDR, 16, unT.u32);
            ^
../src/main.c:39:12: error: void value not ignored as it ought to be
     unT.u32=AXI4_RNA443_mWriteReg(XPAR_AXI4_RNA443_0_S00_AXI_BASEADDR, 16, unT.u32);
            ^
../src/main.c:42:12: error: void value not ignored as it ought to be
     unT.u32=AXI4_RNA443_mWriteReg(XPAR_AXI4_RNA443_0_S00_AXI_BASEADDR, 16, unT.u32);
            ^
make: *** [src/main.o] Error 1
05:06:39 **** Auto Build of configuration Debug for project ublaze_axiRNA443 ****
make all 
'Building file: ../src/main.c'
'Invoking: MicroBlaze gcc compiler'
mb-gcc -Wall -O0 -g3 -c -fmessage-length=0 -MT"src/main.o" -I../../ublaze_axiRNA443_bsp/microblaze_0/include -mlittle-endian -mxl-barrel-shift -mxl-pattern-compare -mcpu=v9.6 -mno-xl-soft-mul -Wl,--no-relax -MMD -MP -MF"src/main.d" -MT"src/main.o" -o "src/main.o" "../src/main.c"
In file included from ../src/main.c:13:0:
../../ublaze_axiRNA443_bsp/microblaze_0/include/xbasic_types.h:115:2: warning: #warning The xbasics_type.h file is deprecated and users should use xil_types.h and xil_assert. [-Wcpp]
 #warning  The xbasics_type.h file is deprecated and users should use xil_types.h and xil_assert.
  ^
../../ublaze_axiRNA443_bsp/microblaze_0/include/xbasic_types.h:116:2: warning: #warning Please refer the Standalone BSP UG647 for further details [-Wcpp]
 #warning  Please refer the Standalone BSP UG647 for further details
  ^
'Finished building: ../src/main.c'
' '
'Building target: ublaze_axiRNA443.elf'
'Invoking: MicroBlaze gcc linker'
mb-gcc -Wl,-T -Wl,../src/lscript.ld -L../../ublaze_axiRNA443_bsp/microblaze_0/lib -mlittle-endian -mxl-barrel-shift -mxl-pattern-compare -mcpu=v9.6 -mno-xl-soft-mul -Wl,--no-relax -o "ublaze_axiRNA443.elf"  ./src/main.o   -Wl,--start-group,-lxil,-lgcc,-lc,--end-group
'Finished building target: ublaze_axiRNA443.elf'
' '
'Invoking: MicroBlaze Print Size'
mb-size ublaze_axiRNA443.elf  |tee "ublaze_axiRNA443.elf.size"
   text	   data	    bss	    dec	    hex	filename
   8902	    356	   3124	  12382	   305e	ublaze_axiRNA443.elf
'Finished building: ublaze_axiRNA443.elf.size'
' '
05:09:01 **** Incremental Build of configuration Debug for project ublaze_axiRNA443 ****
make all 
make: Nothing to be done for `all'.
05:09:49 **** Auto Build of configuration Debug for project ublaze_axiRNA443 ****
make all 
'Building file: ../src/main.c'
'Invoking: MicroBlaze gcc compiler'
mb-gcc -Wall -O0 -g3 -c -fmessage-length=0 -MT"src/main.o" -I../../ublaze_axiRNA443_bsp/microblaze_0/include -mlittle-endian -mxl-barrel-shift -mxl-pattern-compare -mcpu=v9.6 -mno-xl-soft-mul -Wl,--no-relax -MMD -MP -MF"src/main.d" -MT"src/main.o" -o "src/main.o" "../src/main.c"
In file included from ../src/main.c:13:0:
../../ublaze_axiRNA443_bsp/microblaze_0/include/xbasic_types.h:115:2: warning: #warning The xbasics_type.h file is deprecated and users should use xil_types.h and xil_assert. [-Wcpp]
 #warning  The xbasics_type.h file is deprecated and users should use xil_types.h and xil_assert.
  ^
../../ublaze_axiRNA443_bsp/microblaze_0/include/xbasic_types.h:116:2: warning: #warning Please refer the Standalone BSP UG647 for further details [-Wcpp]
 #warning  Please refer the Standalone BSP UG647 for further details
  ^
'Finished building: ../src/main.c'
' '
'Building target: ublaze_axiRNA443.elf'
'Invoking: MicroBlaze gcc linker'
mb-gcc -Wl,-T -Wl,../src/lscript.ld -L../../ublaze_axiRNA443_bsp/microblaze_0/lib -mlittle-endian -mxl-barrel-shift -mxl-pattern-compare -mcpu=v9.6 -mno-xl-soft-mul -Wl,--no-relax -o "ublaze_axiRNA443.elf"  ./src/main.o   -Wl,--start-group,-lxil,-lgcc,-lc,--end-group
'Finished building target: ublaze_axiRNA443.elf'
' '
'Invoking: MicroBlaze Print Size'
mb-size ublaze_axiRNA443.elf  |tee "ublaze_axiRNA443.elf.size"
   text	   data	    bss	    dec	    hex	filename
   8902	    356	   3124	  12382	   305e	ublaze_axiRNA443.elf
'Finished building: ublaze_axiRNA443.elf.size'
' '
05:09:58 **** Incremental Build of configuration Debug for project ublaze_axiRNA443 ****
make all 
make: Nothing to be done for `all'.
